[backblue.gif]
[fade.gif]
[index.html]
[ckthemes.com/html/trend/trend-grey/images/basic/logo.png]
[ckthemes.com/html/trend/trend-grey/images/shop/2.jpg]
[ckthemes.com/html/trend/trend-grey/images/shop/8.jpg]
[ckthemes.com/html/trend/trend-grey/images/slider/1.jpg]
[ckthemes.com/html/trend/trend-grey/images/dummy.png]
[ckthemes.com/html/trend/trend-grey/images/other/6.png]
[ckthemes.com/html/trend/trend-grey/images/projects/1.jpg]
[ckthemes.com/html/trend/trend-grey/images/projects/2.jpg]
[ckthemes.com/html/trend/trend-grey/images/projects/3.jpg]
[ckthemes.com/html/trend/trend-grey/images/projects/4.jpg]
[ckthemes.com/html/trend/trend-grey/images/projects/5.jpg]
[ckthemes.com/html/trend/trend-grey/images/projects/6.jpg]
[ckthemes.com/html/trend/trend-grey/images/projects/7.jpg]
[ckthemes.com/html/trend/trend-grey/images/projects/8.jpg]
[ckthemes.com/html/trend/trend-grey/images/projects/9.jpg]
[ckthemes.com/html/trend/trend-grey/images/projects/10.jpg]
[ckthemes.com/html/trend/trend-grey/images/team/1.jpg]
[ckthemes.com/html/trend/trend-grey/images/team/2.jpg]
[ckthemes.com/html/trend/trend-grey/images/team/3.jpg]
[ckthemes.com/html/trend/trend-grey/images/team/4.jpg]
[ckthemes.com/html/trend/trend-grey/images/quote/1.jpg]
[ckthemes.com/html/trend/trend-grey/images/quote/2.jpg]
[ckthemes.com/html/trend/trend-grey/images/quote/3.jpg]
[ckthemes.com/html/trend/trend-grey/images/clients/1.png]
[ckthemes.com/html/trend/trend-grey/images/clients/2.png]
[ckthemes.com/html/trend/trend-grey/images/clients/3.png]
[ckthemes.com/html/trend/trend-grey/images/clients/4.png]
[ckthemes.com/html/trend/trend-grey/images/clients/5.png]
[ckthemes.com/html/trend/trend-grey/images/clients/6.png]
[ckthemes.com/html/trend/trend-grey/images/clients/7.png]
[ckthemes.com/html/trend/trend-grey/images/basic/logo-ico.png]
[ckthemes.com/html/trend/trend-grey/images/blog/1/1.jpg]
[ckthemes.com/html/trend/trend-grey/images/blog/1/2.jpg]
[ckthemes.com/html/trend/trend-grey/images/blog/1/3.jpg]
[ckthemes.com/html/trend/trend-grey/images/blog/1/4.jpg]
[ckthemes.com/html/trend/trend-grey/js/jquery.js]
[ckthemes.com/html/trend/trend-grey/js/bootstrap.min.js]
[ckthemes.com/html/trend/trend-grey/js/menu.js]
[ckthemes.com/html/trend/trend-grey/js/owl-carousel/owl.carousel.min.js]
[ckthemes.com/html/trend/trend-grey/js/rs-plugin/js/jquery.themepunch.tools.min.js]
[ckthemes.com/html/trend/trend-grey/js/rs-plugin/js/jquery.themepunch.revolution.min.js]
[ckthemes.com/html/trend/trend-grey/js/jquery.easing.min.js]
[ckthemes.com/html/trend/trend-grey/js/isotope/isotope.pkgd.js]
[ckthemes.com/html/trend/trend-grey/js/jflickrfeed.min.js]
[ckthemes.com/html/trend/trend-grey/js/tweecool.js]
[ckthemes.com/html/trend/trend-grey/js/flexslider/jquery.flexslider.js]
[ckthemes.com/html/trend/trend-grey/js/easypie/jquery.easypiechart.min.js]
[ckthemes.com/html/trend/trend-grey/js/jquery-ui.js]
[ckthemes.com/html/trend/trend-grey/js/jquery.appear.js]
[ckthemes.com/html/trend/trend-grey/js/jquery.inview.js]
[ckthemes.com/html/trend/trend-grey/js/jquery.countdown.min.js]
[ckthemes.com/html/trend/trend-grey/js/jquery.sticky.js]
[ckthemes.com/html/trend/trend-grey/js/magnific-popup/jquery.magnific-popup.min.js]
[ckthemes.com/html/trend/trend-grey/js/main.js]
[ckthemes.com/html/trend/trend-grey/index5.html]
[ckthemes.com/html/trend/trend-grey/css/bootstrap.min.css]
[ckthemes.com/html/trend/trend-grey/js/owl-carousel/grabbing.png]
[ckthemes.com/html/trend/trend-grey/js/owl-carousel/owl.carousel.css]
[ckthemes.com/html/trend/trend-grey/js/owl-carousel/AjaxLoader.gif]
[ckthemes.com/html/trend/trend-grey/js/owl-carousel/owl.theme.css]
[ckthemes.com/html/trend/trend-grey/js/owl-carousel/owl.transitions.css]
[ckthemes.com/html/trend/trend-grey/js/rs-plugin/images/gradient/g30.png]
[ckthemes.com/html/trend/trend-grey/js/rs-plugin/images/gradient/g40.png]
[ckthemes.com/html/trend/trend-grey/js/rs-plugin/assets/shadow1.png]
[ckthemes.com/html/trend/trend-grey/js/rs-plugin/assets/shadow2.png]
[ckthemes.com/html/trend/trend-grey/js/rs-plugin/assets/shadow3.png]
[ckthemes.com/html/trend/trend-grey/js/rs-plugin/assets/gridtile.png]
[ckthemes.com/html/trend/trend-grey/js/rs-plugin/assets/gridtile_white.png]
[ckthemes.com/html/trend/trend-grey/js/rs-plugin/assets/gridtile_3x3.png]
[ckthemes.com/html/trend/trend-grey/js/rs-plugin/assets/gridtile_3x3_white.png]
[ckthemes.com/html/trend/trend-grey/js/rs-plugin/assets/boxed_bgtile.png]
[ckthemes.com/html/trend/trend-grey/js/rs-plugin/assets/navigdots_bgtile.png]
[ckthemes.com/html/trend/trend-grey/js/rs-plugin/assets/bullet.png]
[ckthemes.com/html/trend/trend-grey/js/rs-plugin/assets/bullets.png]
[ckthemes.com/html/trend/trend-grey/js/rs-plugin/assets/bullets2.png]
[ckthemes.com/html/trend/trend-grey/js/rs-plugin/assets/bullet_boxed.png]
[ckthemes.com/html/trend/trend-grey/js/rs-plugin/assets/navigdots.png]
[ckthemes.com/html/trend/trend-grey/js/rs-plugin/assets/large_left.png]
[ckthemes.com/html/trend/trend-grey/js/rs-plugin/assets/large_right.png]
[ckthemes.com/html/trend/trend-grey/js/rs-plugin/assets/small_left.png]
[ckthemes.com/html/trend/trend-grey/js/rs-plugin/assets/small_right.png]
[ckthemes.com/html/trend/trend-grey/js/rs-plugin/assets/arrow_left.png]
[ckthemes.com/html/trend/trend-grey/js/rs-plugin/assets/arrow_right.png]
[ckthemes.com/html/trend/trend-grey/js/rs-plugin/assets/small_left_boxed.png]
[ckthemes.com/html/trend/trend-grey/js/rs-plugin/assets/small_right_boxed.png]
[ckthemes.com/html/trend/trend-grey/js/rs-plugin/assets/arrowleft.png]
[ckthemes.com/html/trend/trend-grey/js/rs-plugin/assets/arrowright.png]
[ckthemes.com/html/trend/trend-grey/js/rs-plugin/assets/arrow_left2.png]
[ckthemes.com/html/trend/trend-grey/js/rs-plugin/assets/arrow_right2.png]
[ckthemes.com/html/trend/trend-grey/js/rs-plugin/assets/timer.png]
[ckthemes.com/html/trend/trend-grey/js/rs-plugin/assets/coloredbg.png]
[ckthemes.com/html/trend/trend-grey/js/rs-plugin/assets/loader.gif]
[ckthemes.com/html/trend/trend-grey/js/rs-plugin/font/revicons90c6.eot]
[ckthemes.com/html/trend/trend-grey/js/rs-plugin/font/revicons90c6.woff]
[ckthemes.com/html/trend/trend-grey/js/rs-plugin/font/revicons90c6.ttf]
[ckthemes.com/html/trend/trend-grey/js/rs-plugin/css/settings.css]
[ckthemes.com/html/trend/trend-grey/js/flexslider/flexslider.css]
[ckthemes.com/html/trend/trend-grey/js/isotope/isotope.css]
[ckthemes.com/html/trend/trend-grey/images/slider_dbtn.png]
[ckthemes.com/html/trend/trend-grey/css/jquery-ui.css]
[ckthemes.com/html/trend/trend-grey/js/magnific-popup/magnific-popup.css]
[ckthemes.com/html/trend/trend-grey/images/pattern/pattern11.png]
[ckthemes.com/html/trend/trend-grey/images/bg/p_header.jpg]
[ckthemes.com/html/trend/trend-grey/images/bg/p_header2.jpg]
[ckthemes.com/html/trend/trend-grey/images/bg/p_header3.jpg]
[ckthemes.com/html/trend/trend-grey/images/bg/p_header4.jpg]
[ckthemes.com/html/trend/trend-grey/images/bg/p_header5.jpg]
[ckthemes.com/html/trend/trend-grey/images/bg/p_header6.jpg]
[ckthemes.com/html/trend/trend-grey/images/bg/p_header7.jpg]
[ckthemes.com/html/trend/trend-grey/images/other/career.jpg]
[ckthemes.com/html/trend/trend-grey/images/footer-bg.png]
[ckthemes.com/html/trend/trend-grey/images/bg/parallax/1.jpg]
[ckthemes.com/html/trend/trend-grey/images/bg/parallax/2.jpg]
[ckthemes.com/html/trend/trend-grey/images/bg/parallax/3.jpg]
[ckthemes.com/html/trend/trend-grey/images/bg/parallax/4.jpg]
[ckthemes.com/html/trend/trend-grey/images/bg/parallax/5.jpg]
[ckthemes.com/html/trend/trend-grey/images/bg/parallax/6.jpg]
[ckthemes.com/html/trend/trend-grey/images/onepage/3/5.jpg]
[ckthemes.com/html/trend/trend-grey/images/onepage/3/7.jpg]
[ckthemes.com/html/trend/trend-grey/images/onepage/3/9.jpg]
[ckthemes.com/html/trend/trend-grey/images/onepage/4/3.jpg]
[ckthemes.com/html/trend/trend-grey/images/onepage/4/1.jpg]
[ckthemes.com/html/trend/trend-grey/images/onepage/5/volunter.jpg]
[ckthemes.com/html/trend/trend-grey/images/onepage/6/5.jpg]
[ckthemes.com/html/trend/trend-grey/images/onepage/6/6.jpg]
[ckthemes.com/html/trend/trend-grey/images/bg/pattern/1.png]
[ckthemes.com/html/trend/trend-grey/images/bg/pattern/2.png]
[ckthemes.com/html/trend/trend-grey/images/map.png]
[ckthemes.com/html/trend/trend-grey/images/bubble.png]
[ckthemes.com/html/trend/trend-grey/images/slider/9.jpg]
[ckthemes.com/html/trend/trend-grey/css/style.css]
[ckthemes.com/html/trend/trend-grey/css/icomoon/fonts/icomoon0ce7.eot]
[ckthemes.com/html/trend/trend-grey/css/icomoon/fonts/icomoond41d.eot]
[ckthemes.com/html/trend/trend-grey/css/icomoon/fonts/icomoon0ce7.ttf]
[ckthemes.com/html/trend/trend-grey/css/icomoon/fonts/icomoon0ce7.woff]
[ckthemes.com/html/trend/trend-grey/css/icomoon/style.css]
[ckthemes.com/html/trend/trend-grey/font-awesome/fonts/fontawesome-webfonte0a5.eot]
[ckthemes.com/html/trend/trend-grey/font-awesome/fonts/fontawesome-webfontd41d.eot]
[ckthemes.com/html/trend/trend-grey/font-awesome/fonts/fontawesome-webfonte0a5.woff2]
[ckthemes.com/html/trend/trend-grey/font-awesome/fonts/fontawesome-webfonte0a5.woff]
[ckthemes.com/html/trend/trend-grey/font-awesome/fonts/fontawesome-webfonte0a5.ttf]
[ckthemes.com/html/trend/trend-grey/font-awesome/css/font-awesome.min.css]
[ckthemes.com/html/trend/trend-grey/shop-login.html]
[ckthemes.com/html/trend/trend-grey/images/other/2.png]
[ckthemes.com/html/trend/trend-grey/images/other/3.png]
[ckthemes.com/html/trend/trend-grey/images/team/5.jpg]
[ckthemes.com/html/trend/trend-grey/images/team/6.jpg]
[ckthemes.com/html/trend/trend-grey/images/team/7.jpg]
[ckthemes.com/html/trend/trend-grey/images/team/8.jpg]
[ckthemes.com/html/trend/trend-grey/images/quote/thumb/1.png]
[ckthemes.com/html/trend/trend-grey/images/quote/thumb/2.png]
[ckthemes.com/html/trend/trend-grey/images/quote/thumb/3.png]
[ckthemes.com/html/trend/trend-grey/images/quote/thumb/4.png]
[ckthemes.com/html/trend/trend-grey/index.html]
[ckthemes.com/html/trend/trend-grey/images/slider/1/1.jpg]
[ckthemes.com/html/trend/trend-grey/images/other/7.png]
[ckthemes.com/html/trend/trend-grey/images/dev4.png]
[ckthemes.com/html/trend/trend-grey/images/dev2.png]
[ckthemes.com/html/trend/trend-grey/images/dev3.png]
[ckthemes.com/html/trend/trend-grey/images/blog/1.jpg]
[ckthemes.com/html/trend/trend-grey/images/blog/2.jpg]
[ckthemes.com/html/trend/trend-grey/images/blog/3.jpg]
[ckthemes.com/html/trend/trend-grey/js/gmaps/greyscale.js]
[ckthemes.com/html/trend/trend-grey/index2.html]
[ckthemes.com/html/trend/trend-grey/images/slider/2/1.jpg]
[ckthemes.com/html/trend/trend-grey/images/slider/2/man.png]
[ckthemes.com/html/trend/trend-grey/images/other/4.png]
[ckthemes.com/html/trend/trend-grey/images/projects/3/1.jpg]
[ckthemes.com/html/trend/trend-grey/images/projects/3/2.jpg]
[ckthemes.com/html/trend/trend-grey/images/projects/3/3.jpg]
[ckthemes.com/html/trend/trend-grey/images/projects/3/4.jpg]
[ckthemes.com/html/trend/trend-grey/images/projects/3/5.jpg]
[ckthemes.com/html/trend/trend-grey/images/projects/3/6.jpg]
[ckthemes.com/html/trend/trend-grey/images/projects/3/7.jpg]
[ckthemes.com/html/trend/trend-grey/images/projects/3/8.jpg]
[ckthemes.com/html/trend/trend-grey/images/projects/3/9.jpg]
[ckthemes.com/html/trend/trend-grey/index3.html]
[ckthemes.com/html/trend/trend-grey/images/slider/3/1.jpg]
[ckthemes.com/html/trend/trend-grey/images/slider/3/key.png]
[ckthemes.com/html/trend/trend-grey/images/slider/3/mouse.png]
[ckthemes.com/html/trend/trend-grey/images/slider/3/2.jpg]
[ckthemes.com/html/trend/trend-grey/images/other/5.png]
[ckthemes.com/html/trend/trend-grey/index4.html]
[ckthemes.com/html/trend/trend-grey/index-video.html]
[ckthemes.com/html/trend/trend-grey/images/slider/20.jpg]
[ckthemes.com/html/trend/trend-grey/images/slider/21.jpg]
[ckthemes.com/html/trend/trend-grey/images/onepage/1/1.png]
[ckthemes.com/html/trend/trend-grey/images/other/2.jpg]
[ckthemes.com/html/trend/trend-grey/js/jquery.easing/jquery.easing.js]
[ckthemes.com/html/trend/trend-grey/onepage_hosting.html]
[ckthemes.com/html/trend/trend-grey/images/onepage/5/1.jpg]
[ckthemes.com/html/trend/trend-grey/images/onepage/5/2.jpg]
[ckthemes.com/html/trend/trend-grey/images/onepage/5/3.jpg]
[ckthemes.com/html/trend/trend-grey/images/onepage/5/4.jpg]
[ckthemes.com/html/trend/trend-grey/onepage_charity.html]
[ckthemes.com/html/trend/trend-grey/images/onepage/2/1.jpg]
[ckthemes.com/html/trend/trend-grey/images/onepage/2/2.jpg]
[ckthemes.com/html/trend/trend-grey/images/onepage/2/3.jpg]
[ckthemes.com/html/trend/trend-grey/images/onepage/2/1.png]
[ckthemes.com/html/trend/trend-grey/images/projects/4/1.jpg]
[ckthemes.com/html/trend/trend-grey/images/projects/4/2.jpg]
[ckthemes.com/html/trend/trend-grey/images/projects/4/3.jpg]
[ckthemes.com/html/trend/trend-grey/images/projects/4/4.jpg]
[ckthemes.com/html/trend/trend-grey/images/projects/4/5.jpg]
[ckthemes.com/html/trend/trend-grey/images/projects/4/6.jpg]
[ckthemes.com/html/trend/trend-grey/onepage_construction.html]
[ckthemes.com/html/trend/trend-grey/images/other/8.png]
[ckthemes.com/html/trend/trend-grey/images/other/9.png]
[ckthemes.com/html/trend/trend-grey/onepage_landing.html]
[ckthemes.com/html/trend/trend-grey/images/other/10.png]
[ckthemes.com/html/trend/trend-grey/images/onepage/4/2.jpg]
[ckthemes.com/html/trend/trend-grey/images/onepage/4/team1.jpg]
[ckthemes.com/html/trend/trend-grey/images/onepage/4/team2.jpg]
[ckthemes.com/html/trend/trend-grey/images/onepage/4/team3.jpg]
[ckthemes.com/html/trend/trend-grey/images/onepage/4/team4.jpg]
[ckthemes.com/html/trend/trend-grey/onepage_medical.html]
[ckthemes.com/html/trend/trend-grey/images/onepage/8/1.jpg]
[ckthemes.com/html/trend/trend-grey/images/onepage/8/2.jpg]
[ckthemes.com/html/trend/trend-grey/images/onepage/8/3.jpg]
[ckthemes.com/html/trend/trend-grey/images/onepage/8/4.jpg]
[ckthemes.com/html/trend/trend-grey/onepage_church.html]
[ckthemes.com/html/trend/trend-grey/images/onepage/3/1.jpg]
[ckthemes.com/html/trend/trend-grey/images/onepage/3/6.jpg]
[ckthemes.com/html/trend/trend-grey/images/onepage/3/3.jpg]
[ckthemes.com/html/trend/trend-grey/onepage_food.html]
[ckthemes.com/html/trend/trend-grey/images/onepage/7/1.jpg]
[ckthemes.com/html/trend/trend-grey/images/onepage/7/2.jpg]
[ckthemes.com/html/trend/trend-grey/images/onepage/7/3.jpg]
[ckthemes.com/html/trend/trend-grey/images/onepage/7/1/1.jpg]
[ckthemes.com/html/trend/trend-grey/images/onepage/7/1/2.jpg]
[ckthemes.com/html/trend/trend-grey/images/onepage/7/1/3.jpg]
[ckthemes.com/html/trend/trend-grey/images/onepage/7/1/4.jpg]
[ckthemes.com/html/trend/trend-grey/images/onepage/7/1/5.jpg]
[ckthemes.com/html/trend/trend-grey/images/onepage/7/1/6.jpg]
[ckthemes.com/html/trend/trend-grey/onepage_fahion.html]
[ckthemes.com/html/trend/trend-grey/images/onepage/6/1.jpg]
[ckthemes.com/html/trend/trend-grey/images/onepage/6/2.jpg]
[ckthemes.com/html/trend/trend-grey/images/onepage/6/3.jpg]
[ckthemes.com/html/trend/trend-grey/images/onepage/6/team1.jpg]
[ckthemes.com/html/trend/trend-grey/images/onepage/6/team2.jpg]
[ckthemes.com/html/trend/trend-grey/images/onepage/6/team3.jpg]
[ckthemes.com/html/trend/trend-grey/images/onepage/6/team4.jpg]
[ckthemes.com/html/trend/trend-grey/images/onepage/6/7.jpg]
[ckthemes.com/html/trend/trend-grey/images/onepage/6/8.jpg]
[ckthemes.com/html/trend/trend-grey/images/onepage/6/9.jpg]
[ckthemes.com/html/trend/trend-grey/onepage_gym.html]
[ckthemes.com/html/trend/trend-grey/images/onepage/9/1.png]
[ckthemes.com/html/trend/trend-grey/images/onepage/9/2.png]
[ckthemes.com/html/trend/trend-grey/images/onepage/9/1.jpg]
[ckthemes.com/html/trend/trend-grey/images/onepage/9/2.jpg]
[ckthemes.com/html/trend/trend-grey/images/onepage/9/3.jpg]
[ckthemes.com/html/trend/trend-grey/onepage_lawyer.html]
[ckthemes.com/html/trend/trend-grey/header2.html]
[ckthemes.com/html/trend/trend-grey/header3.html]
[ckthemes.com/html/trend/trend-grey/header4.html]
[ckthemes.com/html/trend/trend-grey/images/basic/logo-lite.png]
[ckthemes.com/html/trend/trend-grey/header5.html]
[ckthemes.com/html/trend/trend-grey/images/team/10.jpg]
[ckthemes.com/html/trend/trend-grey/images/team/11.jpg]
[ckthemes.com/html/trend/trend-grey/images/team/12.jpg]
[ckthemes.com/html/trend/trend-grey/images/team/13.jpg]
[ckthemes.com/html/trend/trend-grey/about.html]
[ckthemes.com/html/trend/trend-grey/images/other/1.jpg]
[ckthemes.com/html/trend/trend-grey/services.html]
[ckthemes.com/html/trend/trend-grey/team.html]
[ckthemes.com/html/trend/trend-grey/pricing.html]
[ckthemes.com/html/trend/trend-grey/search.html]
[ckthemes.com/html/trend/trend-grey/images/other/3.jpg]
[ckthemes.com/html/trend/trend-grey/images/other/work1.jpg]
[ckthemes.com/html/trend/trend-grey/images/other/work2.jpg]
[ckthemes.com/html/trend/trend-grey/images/other/work3.jpg]
[ckthemes.com/html/trend/trend-grey/images/other/work4.jpg]
[ckthemes.com/html/trend/trend-grey/images/other/work5.jpg]
[ckthemes.com/html/trend/trend-grey/images/other/work6.jpg]
[ckthemes.com/html/trend/trend-grey/careers.html]
[ckthemes.com/html/trend/trend-grey/images/bg/1.jpg]
[ckthemes.com/html/trend/trend-grey/left_sidebar.html]
[ckthemes.com/html/trend/trend-grey/right_sidebar.html]
[ckthemes.com/html/trend/trend-grey/rl_sidebar.html]
[ckthemes.com/html/trend/trend-grey/comingsoon.html]
[ckthemes.com/html/trend/trend-grey/images/bg/2.jpg]
[ckthemes.com/html/trend/trend-grey/page_no_title.html]
[ckthemes.com/html/trend/trend-grey/images/bg/3.jpg]
[ckthemes.com/html/trend/trend-grey/page_with_title.html]
[ckthemes.com/html/trend/trend-grey/images/gallery/1.jpg]
[ckthemes.com/html/trend/trend-grey/images/gallery/2.jpg]
[ckthemes.com/html/trend/trend-grey/images/gallery/3.jpg]
[ckthemes.com/html/trend/trend-grey/images/gallery/4.jpg]
[ckthemes.com/html/trend/trend-grey/images/gallery/5.jpg]
[ckthemes.com/html/trend/trend-grey/gallery-3col.html]
[ckthemes.com/html/trend/trend-grey/gallery-4col.html]
[ckthemes.com/html/trend/trend-grey/gallery-5col.html]
[ckthemes.com/html/trend/trend-grey/maintenance_mode.html]
[ckthemes.com/html/trend/trend-grey/404.html]
[ckthemes.com/html/trend/trend-grey/support.html]
[ckthemes.com/html/trend/trend-grey/contact1.html]
[ckthemes.com/html/trend/trend-grey/js/gmaps/default.js]
[ckthemes.com/html/trend/trend-grey/contact2.html]
[ckthemes.com/html/trend/trend-grey/images/blog/4.jpg]
[ckthemes.com/html/trend/trend-grey/blog-left-1col.html]
[ckthemes.com/html/trend/trend-grey/blog-right-1col.html]
[ckthemes.com/html/trend/trend-grey/images/blog/6.jpg]
[ckthemes.com/html/trend/trend-grey/blog-fullwidth.html]
[ckthemes.com/html/trend/trend-grey/images/blog/7.jpg]
[ckthemes.com/html/trend/trend-grey/blog-mason-2col.html]
[ckthemes.com/html/trend/trend-grey/images/blog/5.jpg]
[ckthemes.com/html/trend/trend-grey/blog-mason-3col.html]
[ckthemes.com/html/trend/trend-grey/blog-mason-4col.html]
[ckthemes.com/html/trend/trend-grey/blog-left-2col.html]
[ckthemes.com/html/trend/trend-grey/blog-right-2col.html]
[ckthemes.com/html/trend/trend-grey/blog-grid-3col.html]
[ckthemes.com/html/trend/trend-grey/blog-grid-4col.html]
[ckthemes.com/html/trend/trend-grey/blog-single-left.html]
[ckthemes.com/html/trend/trend-grey/blog-single-right.html]
[ckthemes.com/html/trend/trend-grey/blog-single.html]
[ckthemes.com/html/trend/trend-grey/portfolio-boxed-2col.html]
[ckthemes.com/html/trend/trend-grey/portfolio-boxed-3col.html]
[ckthemes.com/html/trend/trend-grey/portfolio-boxed-4col.html]
[ckthemes.com/html/trend/trend-grey/portfolio-gutter-2col.html]
[ckthemes.com/html/trend/trend-grey/portfolio-gutter-3col.html]
[ckthemes.com/html/trend/trend-grey/portfolio-gutter-4col.html]
[ckthemes.com/html/trend/trend-grey/portfolio-tiles-2col.html]
[ckthemes.com/html/trend/trend-grey/portfolio-tiles-3col.html]
[ckthemes.com/html/trend/trend-grey/portfolio-tiles-4col.html]
[ckthemes.com/html/trend/trend-grey/portfolio-wide-2col.html]
[ckthemes.com/html/trend/trend-grey/portfolio-wide-3col.html]
[ckthemes.com/html/trend/trend-grey/portfolio-wide-4col.html]
[ckthemes.com/html/trend/trend-grey/portfolio-floating-left.html]
[ckthemes.com/html/trend/trend-grey/portfolio-floating-right.html]
[ckthemes.com/html/trend/trend-grey/shop-left-sidebar.html]
[ckthemes.com/html/trend/trend-grey/shop-right-sidebar.html]
[ckthemes.com/html/trend/trend-grey/shop-fullwidth.html]
[ckthemes.com/html/trend/trend-grey/shop-single-left.html]
[ckthemes.com/html/trend/trend-grey/shop-single-right.html]
[ckthemes.com/html/trend/trend-grey/shop-cart.html]
[ckthemes.com/html/trend/trend-grey/shop_checkout.html]
[ckthemes.com/html/trend/trend-grey/elements-accordion.html]
[ckthemes.com/html/trend/trend-grey/elements-alertbox.html]
[ckthemes.com/html/trend/trend-grey/elements-buttons.html]
[ckthemes.com/html/trend/trend-grey/elements-blockquotes.html]
[ckthemes.com/html/trend/trend-grey/elements-CTA.html]
[ckthemes.com/html/trend/trend-grey/elements-counters.html]
[ckthemes.com/html/trend/trend-grey/elements-grid.html]
[ckthemes.com/html/trend/trend-grey/elements-dividers.html]
[ckthemes.com/html/trend/trend-grey/elements-form.html]
[ckthemes.com/html/trend/trend-grey/elements-googlemap.html]
[ckthemes.com/html/trend/trend-grey/gallery-2col.html]
[ckthemes.com/html/trend/trend-grey/elements-headings.html]
[ckthemes.com/html/trend/trend-grey/elements-iconbox.html]
[ckthemes.com/html/trend/trend-grey/elements-media.html]
[ckthemes.com/html/trend/trend-grey/elements-progress.html]
[ckthemes.com/html/trend/trend-grey/elements-tabs.html]
[ckthemes.com/html/trend/trend-grey/elements-tables.html]
[ckthemes.com/html/trend/trend-grey/portfolio-single-slider.html]
[ckthemes.com/html/trend/trend-grey/js/rs-plugin/font/revicons90c6.svg]
[www.ckthemes.com/html/trend/trend-grey/images/before.html]
[www.ckthemes.com/html/trend/trend-grey/images/animated-overlay.html]
[www.ckthemes.com/html/trend/trend-grey/images/ui-bg_glass_55_fbf9ee_1x400.html]
[www.ckthemes.com/html/trend/trend-grey/images/ui-bg_glass_95_fef1ec_1x400.html]
[www.ckthemes.com/html/trend/trend-grey/images/ui-icons_222222_256x240.html]
[www.ckthemes.com/html/trend/trend-grey/images/ui-icons_888888_256x240.html]
[www.ckthemes.com/html/trend/trend-grey/images/ui-icons_454545_256x240.html]
[www.ckthemes.com/html/trend/trend-grey/images/ui-icons_2e83ff_256x240.html]
[www.ckthemes.com/html/trend/trend-grey/images/ui-icons_cd0a0a_256x240.html]
[www.ckthemes.com/html/trend/trend-grey/images/ui-bg_flat_0_aaaaaa_40x100.html]
[ckthemes.com/html/trend/trend-grey/css/settings-panel.css]
[ckthemes.com/html/trend/trend-grey/css/icomoon/fonts/icomoon0ce7.svg]
[ckthemes.com/html/trend/trend-grey/font-awesome/fonts/fontawesome-webfonte0a5.svg]
[ckthemes.com/html/trend/trend-grey/portfolio-single-image.html]
[www.ckthemes.com/html/trend/trend-grey/images/projects/3/10.html]
[www.ckthemes.com/html/trend/trend-grey/upload/portfolio/10.html]
[www.ckthemes.com/html/trend/trend-grey/css/color-scheme/default-blue.html]
[www.ckthemes.com/html/trend/trend-grey/images/slides/dark-cover.html]
[ckthemes.com/html/trend/trend-grey/css/color-scheme/soft-cyan.css]
[ckthemes.com/html/trend/trend-grey/css/color-scheme/yellow.css]
[ckthemes.com/html/trend/trend-grey/css/color-scheme/vivid-blue.css]
[www.ckthemes.com/html/trend/trend-grey/assets/img/dummy.html]
[ckthemes.com/html/trend/trend-grey/css/color-scheme/brown.css]
[ckthemes.com/html/trend/trend-grey/css/color-scheme/red.css]
[ckthemes.com/html/trend/trend-grey/css/color-scheme/orange.css]
[ckthemes.com/html/trend/trend-grey/images/other/10.png]
[ckthemes.com/html/trend/trend-grey/images/gallery/4.jpg]
[ckthemes.com/html/trend/trend-grey/images/blog/7.jpg]
[ckthemes.com/html/trend/trend-grey/images/blog/5.jpg]
[ckthemes.com/html/trend/trend-grey/images/blog/8.jpg]
[ckthemes.com/html/trend/trend-grey/images/blog/9.jpg]
[ckthemes.com/html/trend/trend-grey/images/projects/11.jpg]
[ckthemes.com/html/trend/trend-grey/images/projects/12.jpg]
[ckthemes.com/html/trend/trend-grey/images/projects/1/1.jpg]
[ckthemes.com/html/trend/trend-grey/images/projects/1/2.jpg]
[ckthemes.com/html/trend/trend-grey/images/projects/1/3.jpg]
[ckthemes.com/html/trend/trend-grey/images/projects/1/4.jpg]
[ckthemes.com/html/trend/trend-grey/images/shop/1.jpg]
[ckthemes.com/html/trend/trend-grey/images/shop/4.jpg]
[ckthemes.com/html/trend/trend-grey/images/shop/7.jpg]
[ckthemes.com/html/trend/trend-grey/images/shop/3.jpg]
[ckthemes.com/html/trend/trend-grey/images/shop/5.jpg]
[ckthemes.com/html/trend/trend-grey/images/shop/6.jpg]
[ckthemes.com/html/trend/trend-grey/images/shop/9.jpg]
[ckthemes.com/html/trend/trend-grey/js/gmaps/colored.js]
[ckthemes.com/html/trend/trend-grey/images/gallery/6.jpg]
[ckthemes.com/html/trend/trend-grey/images/projects/2/1.jpg]
[ckthemes.com/html/trend/trend-grey/images/projects/2/2.jpg]
[ckthemes.com/html/trend/trend-grey/images/projects/2/3.jpg]
[ckthemes.com/html/trend/trend-grey/images/btn-bg.png]
[ckthemes.com/html/trend/trend-grey/images/pattern/pattern1.png]
[ckthemes.com/html/trend/trend-grey/images/pattern/pattern2.png]
[ckthemes.com/html/trend/trend-grey/images/pattern/pattern3.png]
[ckthemes.com/html/trend/trend-grey/images/pattern/pattern4.png]
[ckthemes.com/html/trend/trend-grey/images/pattern/pattern5.png]
[ckthemes.com/html/trend/trend-grey/images/pattern/pattern6.png]
[ckthemes.com/html/trend/trend-grey/images/pattern/pattern7.png]
[ckthemes.com/html/trend/trend-grey/images/pattern/pattern8.png]
[ckthemes.com/html/trend/trend-grey/images/pattern/pattern9.png]
[ckthemes.com/html/trend/trend-grey/images/pattern/pattern10.png]
[ckthemes.com/html/trend/trend-grey/images/pattern/pattern12.png]
[ckthemes.com/html/trend/trend-grey/images/pattern/pattern13.png]
[ckthemes.com/html/trend/trend-grey/images/pattern/pattern14.png]
[ckthemes.com/html/trend/trend-grey/images/pattern/pattern15.png]
[ckthemes.com/html/trend/trend-grey/images/pattern/pattern16.png]
[ckthemes.com/html/trend/trend-grey/images/pattern/pattern17.png]
[ckthemes.com/html/trend/trend-grey/images/pattern/pattern18.png]
